// Jest Snapshot v1, https://goo.gl/fbAQLP

exports[`should render the header 1`] = `
<header
  className="header"
  id="header"
  itemScope={true}
  itemType="http://schema.org/WPHeader"
  role="banner"
>
  <button
    className="header__menu-btn btn btn--unstyled"
    onClick={[Function]}
  >
    <svg
      viewBox="0 0 24 24"
      xmlns="http://www.w3.org/2000/svg"
    >
      <path
        d="M12 0c-6.627 0-12 5.373-12 12s5.373 12 12 12 12-5.373 12-12-5.373-12-12-12zm6 17h-12v-2h12v2zm0-4h-12v-2h12v2zm0-4h-12v-2h12v2z"
      />
    </svg>
  </button>
  <h1
    className="header__title"
    itemScope={true}
    itemType="http://schema.org/WPHeader"
  >
    <a
      href="/"
    >
      Page Header
    </a>
  </h1>
</header>
`;

exports[`should simulate header menu btn press 1`] = `
<header
  className="header"
  id="header"
  itemScope={true}
  itemType="http://schema.org/WPHeader"
  role="banner"
>
  <button
    className="header__menu-btn btn btn--unstyled"
    onClick={[Function]}
  >
    <svg
      viewBox="0 0 24 24"
      xmlns="http://www.w3.org/2000/svg"
    >
      <path
        d="M12 0c-6.627 0-12 5.373-12 12s5.373 12 12 12 12-5.373 12-12-5.373-12-12-12zm6 17h-12v-2h12v2zm0-4h-12v-2h12v2zm0-4h-12v-2h12v2z"
      />
    </svg>
  </button>
  <h1
    className="header__title"
    itemScope={true}
    itemType="http://schema.org/WPHeader"
  >
    <a
      href="/"
    >
      Page Header
    </a>
  </h1>
</header>
`;
